// Jest Snapshot v1, https://goo.gl/fbAQLP

exports[`it matches snapshot 1`] = `
<div
  className="page"
>
  <div
    className="header"
  >
    <h2>
      save me
    </h2>
  </div>
  <p>
    Works well
  </p>
</div>
`;
